2025-09-29 14:26:51,800 - sereena_parser.main - ERROR - spaCy model not found. Install with: python -m spacy download en_core_web_sm
2025-10-09 17:35:37,843 - sereena_parser.main - INFO - Loaded spaCy model successfully
2025-10-09 17:35:37,844 - sereena_parser.main - INFO - Initialized Sereena Parser with 4 workers
2025-10-09 17:35:38,206 - sereena_parser.main - INFO - Successfully parsed Abiral_Pandey_Fullstack_Java.docx in 0.36s
2025-10-09 17:35:42,958 - huggingface_hub.file_download - WARNING - Xet Storage is enabled for this repo, but the 'hf_xet' package is not installed. Falling back to regular HTTP download. For better performance, install the package with: `pip install huggingface_hub[hf_xet]` or `pip install hf_xet`
2025-10-09 17:43:19,184 - sereena_parser.main - INFO - Loaded spaCy model successfully
2025-10-09 17:43:19,186 - sereena_parser.main - INFO - Initialized Sereena Parser with 4 workers
2025-10-09 17:43:19,444 - sereena_parser.main - INFO - Successfully parsed aamir resume latest.docx in 0.26s
2025-10-09 17:43:25,099 - sereena_parser.main - INFO - Loaded spaCy model successfully
2025-10-09 17:43:25,099 - sereena_parser.main - INFO - Initialized Sereena Parser with 4 workers
2025-10-09 17:43:25,321 - sereena_parser.main - INFO - Successfully parsed Abdul Rahman.Khan_CV.pdf in 0.22s
2025-10-09 17:43:27,144 - sereena_parser.main - INFO - Loaded spaCy model successfully
2025-10-09 17:43:27,144 - sereena_parser.main - INFO - Initialized Sereena Parser with 4 workers
2025-10-09 17:43:28,851 - sereena_parser.main - INFO - Successfully parsed Aditya Arya_CV.pdf in 1.71s
2025-10-09 17:43:30,619 - sereena_parser.main - INFO - Loaded spaCy model successfully
2025-10-09 17:43:30,620 - sereena_parser.main - INFO - Initialized Sereena Parser with 4 workers
2025-10-09 17:43:31,288 - sereena_parser.main - INFO - Successfully parsed Anne Mariya_CV.pdf in 0.67s
2025-10-09 17:43:33,780 - sereena_parser.main - INFO - Loaded spaCy model successfully
2025-10-09 17:43:33,780 - sereena_parser.main - INFO - Initialized Sereena Parser with 4 workers
2025-10-09 17:43:33,919 - sereena_parser.main - INFO - Successfully parsed Haidar Mujawar-CV.docx in 0.14s
2025-10-09 17:43:35,691 - sereena_parser.main - INFO - Loaded spaCy model successfully
2025-10-09 17:43:35,691 - sereena_parser.main - INFO - Initialized Sereena Parser with 4 workers
2025-10-09 17:43:35,694 - sereena_parser.main - ERROR - Error extracting DOCX C:\Users\myind\Downloads\nlp linkedin\real resumes\Lakshmi Narayana_CV.doc: file 'C:\Users\myind\Downloads\nlp linkedin\real resumes\Lakshmi Narayana_CV.doc' is not a Word file, content type is 'application/vnd.openxmlformats-officedocument.themeManager+xml'
2025-10-09 17:43:35,694 - sereena_parser.main - ERROR - Error parsing C:\Users\myind\Downloads\nlp linkedin\real resumes\Lakshmi Narayana_CV.doc: file 'C:\Users\myind\Downloads\nlp linkedin\real resumes\Lakshmi Narayana_CV.doc' is not a Word file, content type is 'application/vnd.openxmlformats-officedocument.themeManager+xml'
2025-10-09 17:43:44,222 - sereena_parser.main - INFO - Loaded spaCy model successfully
2025-10-09 17:43:44,222 - sereena_parser.main - INFO - Initialized Sereena Parser with 4 workers
2025-10-09 17:43:44,665 - sereena_parser.main - INFO - Successfully parsed Mahesh_SAS_Resume.pdf in 0.44s
2025-10-09 17:43:46,699 - sereena_parser.main - INFO - Loaded spaCy model successfully
2025-10-09 17:43:46,699 - sereena_parser.main - INFO - Initialized Sereena Parser with 4 workers
2025-10-09 17:43:46,701 - sereena_parser.main - ERROR - Error extracting DOCX C:\Users\myind\Downloads\nlp linkedin\real resumes\Nikhil Kadam_CV.doc: file 'C:\Users\myind\Downloads\nlp linkedin\real resumes\Nikhil Kadam_CV.doc' is not a Word file, content type is 'application/vnd.openxmlformats-officedocument.themeManager+xml'
2025-10-09 17:43:46,701 - sereena_parser.main - ERROR - Error parsing C:\Users\myind\Downloads\nlp linkedin\real resumes\Nikhil Kadam_CV.doc: file 'C:\Users\myind\Downloads\nlp linkedin\real resumes\Nikhil Kadam_CV.doc' is not a Word file, content type is 'application/vnd.openxmlformats-officedocument.themeManager+xml'
2025-10-09 17:43:53,368 - sereena_parser.main - INFO - Loaded spaCy model successfully
2025-10-09 17:43:53,368 - sereena_parser.main - INFO - Initialized Sereena Parser with 4 workers
2025-10-09 17:43:53,510 - sereena_parser.main - INFO - Successfully parsed Pandurang_CV.docx in 0.14s
2025-10-09 17:43:55,373 - sereena_parser.main - INFO - Loaded spaCy model successfully
2025-10-09 17:43:55,373 - sereena_parser.main - INFO - Initialized Sereena Parser with 4 workers
2025-10-09 17:43:55,489 - sereena_parser.main - INFO - Successfully parsed Priyanka Bhange_CV.docx in 0.12s
2025-10-09 17:43:57,630 - sereena_parser.main - INFO - Loaded spaCy model successfully
2025-10-09 17:43:57,630 - sereena_parser.main - INFO - Initialized Sereena Parser with 4 workers
2025-10-09 17:43:58,213 - sereena_parser.main - INFO - Successfully parsed Resume DXC JayantKadam.docx in 0.58s
2025-10-09 17:44:00,686 - sereena_parser.main - INFO - Loaded spaCy model successfully
2025-10-09 17:44:00,686 - sereena_parser.main - INFO - Initialized Sereena Parser with 4 workers
2025-10-09 17:44:00,928 - sereena_parser.main - INFO - Successfully parsed Resume-Nilesh Bhole.pdf in 0.24s
2025-10-09 17:44:03,117 - sereena_parser.main - INFO - Loaded spaCy model successfully
2025-10-09 17:44:03,118 - sereena_parser.main - INFO - Initialized Sereena Parser with 4 workers
2025-10-09 17:44:03,309 - sereena_parser.main - INFO - Successfully parsed Resume-Ravindra.docx in 0.19s
2025-10-09 17:44:05,306 - sereena_parser.main - INFO - Loaded spaCy model successfully
2025-10-09 17:44:05,307 - sereena_parser.main - INFO - Initialized Sereena Parser with 4 workers
2025-10-09 17:44:05,309 - sereena_parser.main - ERROR - Error extracting DOCX C:\Users\myind\Downloads\nlp linkedin\real resumes\Resume_Arunkumar_Borreddi.doc: file 'C:\Users\myind\Downloads\nlp linkedin\real resumes\Resume_Arunkumar_Borreddi.doc' is not a Word file, content type is 'application/vnd.openxmlformats-officedocument.themeManager+xml'
2025-10-09 17:44:05,309 - sereena_parser.main - ERROR - Error parsing C:\Users\myind\Downloads\nlp linkedin\real resumes\Resume_Arunkumar_Borreddi.doc: file 'C:\Users\myind\Downloads\nlp linkedin\real resumes\Resume_Arunkumar_Borreddi.doc' is not a Word file, content type is 'application/vnd.openxmlformats-officedocument.themeManager+xml'
2025-10-09 17:44:12,093 - sereena_parser.main - INFO - Loaded spaCy model successfully
2025-10-09 17:44:12,093 - sereena_parser.main - INFO - Initialized Sereena Parser with 4 workers
2025-10-09 17:44:12,261 - sereena_parser.main - INFO - Successfully parsed Rizwan Shaikh_CV.docx in 0.17s
2025-10-09 17:44:14,655 - sereena_parser.main - INFO - Loaded spaCy model successfully
2025-10-09 17:44:14,655 - sereena_parser.main - INFO - Initialized Sereena Parser with 4 workers
2025-10-09 17:44:14,741 - sereena_parser.main - INFO - Successfully parsed SaikatCV.docx in 0.09s
2025-10-09 17:44:16,823 - sereena_parser.main - INFO - Loaded spaCy model successfully
2025-10-09 17:44:16,823 - sereena_parser.main - INFO - Initialized Sereena Parser with 4 workers
2025-10-09 17:44:16,826 - sereena_parser.main - ERROR - Error extracting DOCX C:\Users\myind\Downloads\nlp linkedin\real resumes\Sameer Torne_CV.doc: file 'C:\Users\myind\Downloads\nlp linkedin\real resumes\Sameer Torne_CV.doc' is not a Word file, content type is 'application/vnd.openxmlformats-officedocument.themeManager+xml'
2025-10-09 17:44:16,826 - sereena_parser.main - ERROR - Error parsing C:\Users\myind\Downloads\nlp linkedin\real resumes\Sameer Torne_CV.doc: file 'C:\Users\myind\Downloads\nlp linkedin\real resumes\Sameer Torne_CV.doc' is not a Word file, content type is 'application/vnd.openxmlformats-officedocument.themeManager+xml'
2025-10-09 17:44:25,987 - sereena_parser.main - INFO - Loaded spaCy model successfully
2025-10-09 17:44:25,988 - sereena_parser.main - INFO - Initialized Sereena Parser with 4 workers
2025-10-09 17:44:26,473 - sereena_parser.main - INFO - Successfully parsed Shahre_alam_Khan_Resume_Oct2020.docx in 0.49s
2025-10-09 17:44:28,734 - sereena_parser.main - INFO - Loaded spaCy model successfully
2025-10-09 17:44:28,734 - sereena_parser.main - INFO - Initialized Sereena Parser with 4 workers
2025-10-09 17:44:29,002 - sereena_parser.main - INFO - Successfully parsed siddhesh resume.sas1.docx in 0.27s
2025-10-09 17:44:31,439 - sereena_parser.main - INFO - Loaded spaCy model successfully
2025-10-09 17:44:31,440 - sereena_parser.main - INFO - Initialized Sereena Parser with 4 workers
2025-10-09 17:44:31,544 - sereena_parser.main - INFO - Successfully parsed Sreenivasula_CV.docx in 0.10s
2025-10-09 17:44:33,485 - sereena_parser.main - INFO - Loaded spaCy model successfully
2025-10-09 17:44:33,486 - sereena_parser.main - INFO - Initialized Sereena Parser with 4 workers
2025-10-09 17:44:33,639 - sereena_parser.main - INFO - Successfully parsed Sultan Shaikh_CV.docx in 0.15s
2025-10-09 17:44:36,033 - sereena_parser.main - INFO - Loaded spaCy model successfully
2025-10-09 17:44:36,035 - sereena_parser.main - INFO - Initialized Sereena Parser with 4 workers
2025-10-09 17:44:36,192 - sereena_parser.main - INFO - Successfully parsed Sunil Khule_CV.docx in 0.16s
2025-10-09 17:44:38,143 - sereena_parser.main - INFO - Loaded spaCy model successfully
2025-10-09 17:44:38,143 - sereena_parser.main - INFO - Initialized Sereena Parser with 4 workers
2025-10-09 17:44:38,313 - sereena_parser.main - INFO - Successfully parsed Sunny Bauva_CV.docx in 0.17s
2025-10-09 17:44:40,362 - sereena_parser.main - INFO - Loaded spaCy model successfully
2025-10-09 17:44:40,362 - sereena_parser.main - INFO - Initialized Sereena Parser with 4 workers
2025-10-09 17:44:40,504 - sereena_parser.main - INFO - Successfully parsed Sushma Singh_Resume.pdf in 0.14s
2025-10-09 17:44:41,973 - sereena_parser.main - INFO - Loaded spaCy model successfully
2025-10-09 17:44:41,973 - sereena_parser.main - INFO - Initialized Sereena Parser with 4 workers
2025-10-09 17:44:42,545 - sereena_parser.main - INFO - Successfully parsed Tushar Ugale_CV.pdf in 0.57s
2025-10-09 17:44:44,886 - sereena_parser.main - INFO - Loaded spaCy model successfully
2025-10-09 17:44:44,887 - sereena_parser.main - INFO - Initialized Sereena Parser with 4 workers
2025-10-09 17:44:45,386 - sereena_parser.main - INFO - Successfully parsed UmeshSingh_Resume.pdf in 0.50s
2025-10-09 17:44:47,692 - sereena_parser.main - INFO - Loaded spaCy model successfully
2025-10-09 17:44:47,692 - sereena_parser.main - INFO - Initialized Sereena Parser with 4 workers
2025-10-09 17:44:47,793 - sereena_parser.main - INFO - Successfully parsed vijaykumar Resume.docx in 0.10s
2025-10-09 17:44:49,744 - sereena_parser.main - INFO - Loaded spaCy model successfully
2025-10-09 17:44:49,745 - sereena_parser.main - INFO - Initialized Sereena Parser with 4 workers
2025-10-09 17:44:50,023 - sereena_parser.main - INFO - Successfully parsed Vikas D. Sonawane (1).docx in 0.28s
2025-10-09 17:44:52,262 - sereena_parser.main - INFO - Loaded spaCy model successfully
2025-10-09 17:44:52,262 - sereena_parser.main - INFO - Initialized Sereena Parser with 4 workers
2025-10-09 17:44:52,492 - sereena_parser.main - INFO - Successfully parsed Yogesh_Wankhede_resume -Final.docx in 0.23s
2025-10-09 18:33:50,700 - sereena_parser.main - INFO - Loaded spaCy model successfully
2025-10-09 18:33:50,703 - sereena_parser.main - INFO - Initialized Sereena Parser with 4 workers
2025-10-09 18:33:51,201 - sereena_parser.main - INFO - Successfully parsed AaryanSinghResume.pdf in 0.50s
2025-10-09 20:36:21,901 - sereena_parser.main - INFO - Loaded spaCy model successfully
2025-10-09 20:36:21,903 - sereena_parser.main - INFO - Initialized Sereena Parser with 4 workers
2025-10-09 20:36:22,202 - sereena_parser.main - INFO - Successfully parsed aamir resume latest.docx in 0.30s
2025-10-09 20:36:41,059 - accelerate.big_modeling - WARNING - Some parameters are on the meta device because they were offloaded to the cpu and disk.
2025-10-09 20:36:50,131 - accelerate.big_modeling - WARNING - Some parameters are on the meta device because they were offloaded to the cpu and disk.
2025-10-09 20:36:59,833 - accelerate.big_modeling - WARNING - Some parameters are on the meta device because they were offloaded to the cpu and disk.
2025-10-09 20:37:02,253 - accelerate.utils.modeling - INFO - Based on the current allocation process, no modules could be assigned to the following devices due to insufficient memory:
  - cpu: 2670759936 bytes required
These minimum requirements are specific to this allocation attempt and may vary. Consider increasing the available memory for these devices to at least the specified minimum, or adjusting the model config.
2025-10-09 20:37:04,028 - sereena_parser.main - INFO - Loaded spaCy model successfully
2025-10-09 20:37:04,031 - sereena_parser.main - INFO - Initialized Sereena Parser with 4 workers
2025-10-09 20:37:05,492 - sereena_parser.main - INFO - Successfully parsed Abdul Rahman.Khan_CV.pdf in 1.46s
2025-10-09 20:40:29,100 - sereena_parser.main - INFO - Loaded spaCy model successfully
2025-10-09 20:40:29,102 - sereena_parser.main - INFO - Initialized Sereena Parser with 4 workers
2025-10-09 20:40:30,947 - sereena_parser.main - INFO - Successfully parsed Aditya Arya_CV.pdf in 1.85s
2025-10-09 20:40:42,578 - accelerate.big_modeling - WARNING - Some parameters are on the meta device because they were offloaded to the disk and cpu.
2025-10-09 20:40:45,077 - accelerate.utils.modeling - INFO - Based on the current allocation process, no modules could be assigned to the following devices due to insufficient memory:
  - cpu: 2670759936 bytes required
These minimum requirements are specific to this allocation attempt and may vary. Consider increasing the available memory for these devices to at least the specified minimum, or adjusting the model config.
2025-10-09 20:40:47,787 - accelerate.utils.modeling - INFO - Based on the current allocation process, no modules could be assigned to the following devices due to insufficient memory:
  - cpu: 2670759936 bytes required
These minimum requirements are specific to this allocation attempt and may vary. Consider increasing the available memory for these devices to at least the specified minimum, or adjusting the model config.
2025-10-09 20:40:50,290 - accelerate.utils.modeling - INFO - Based on the current allocation process, no modules could be assigned to the following devices due to insufficient memory:
  - cpu: 2670759936 bytes required
These minimum requirements are specific to this allocation attempt and may vary. Consider increasing the available memory for these devices to at least the specified minimum, or adjusting the model config.
2025-10-09 20:40:51,648 - sereena_parser.main - INFO - Loaded spaCy model successfully
2025-10-09 20:40:51,650 - sereena_parser.main - INFO - Initialized Sereena Parser with 4 workers
2025-10-09 20:40:52,105 - sereena_parser.main - INFO - Successfully parsed Anne Mariya_CV.pdf in 0.45s
2025-10-09 20:40:54,767 - accelerate.utils.modeling - INFO - Based on the current allocation process, no modules could be assigned to the following devices due to insufficient memory:
  - cpu: 2670759936 bytes required
These minimum requirements are specific to this allocation attempt and may vary. Consider increasing the available memory for these devices to at least the specified minimum, or adjusting the model config.
2025-10-09 20:40:58,692 - accelerate.utils.modeling - INFO - Based on the current allocation process, no modules could be assigned to the following devices due to insufficient memory:
  - cpu: 2670759936 bytes required
These minimum requirements are specific to this allocation attempt and may vary. Consider increasing the available memory for these devices to at least the specified minimum, or adjusting the model config.
2025-10-09 20:41:04,952 - sereena_parser.main - INFO - Loaded spaCy model successfully
2025-10-09 20:41:04,952 - sereena_parser.main - INFO - Initialized Sereena Parser with 4 workers
2025-10-09 20:41:05,106 - sereena_parser.main - INFO - Successfully parsed Haidar Mujawar-CV.docx in 0.15s
2025-10-09 20:41:17,128 - sereena_parser.main - INFO - Loaded spaCy model successfully
2025-10-09 20:41:17,129 - sereena_parser.main - INFO - Initialized Sereena Parser with 4 workers
2025-10-09 20:41:17,132 - sereena_parser.main - ERROR - Error extracting DOCX ..\real resumes\Lakshmi Narayana_CV.doc: file '..\real resumes\Lakshmi Narayana_CV.doc' is not a Word file, content type is 'application/vnd.openxmlformats-officedocument.themeManager+xml'
2025-10-09 20:41:17,132 - sereena_parser.main - ERROR - Error parsing ..\real resumes\Lakshmi Narayana_CV.doc: file '..\real resumes\Lakshmi Narayana_CV.doc' is not a Word file, content type is 'application/vnd.openxmlformats-officedocument.themeManager+xml'
2025-10-09 21:47:34,135 - sereena_parser.main - INFO - Loaded spaCy model successfully
2025-10-09 21:47:34,137 - sereena_parser.main - INFO - Initialized Sereena Parser with 4 workers
2025-10-09 21:47:34,428 - sereena_parser.main - INFO - Successfully parsed aamir resume latest.docx in 0.29s
2025-10-09 21:47:43,440 - sereena_parser.main - INFO - Loaded spaCy model successfully
2025-10-09 21:47:43,442 - sereena_parser.main - INFO - Initialized Sereena Parser with 4 workers
2025-10-09 21:47:43,666 - sereena_parser.main - INFO - Successfully parsed Abdul Rahman.Khan_CV.pdf in 0.22s
2025-10-09 21:47:47,578 - sereena_parser.main - INFO - Loaded spaCy model successfully
2025-10-09 21:47:47,579 - sereena_parser.main - INFO - Initialized Sereena Parser with 4 workers
2025-10-09 21:47:49,373 - sereena_parser.main - INFO - Successfully parsed Aditya Arya_CV.pdf in 1.79s
2025-10-09 21:47:52,520 - sereena_parser.main - INFO - Loaded spaCy model successfully
2025-10-09 21:47:52,521 - sereena_parser.main - INFO - Initialized Sereena Parser with 4 workers
2025-10-09 21:47:52,955 - sereena_parser.main - INFO - Successfully parsed Anne Mariya_CV.pdf in 0.43s
2025-10-09 21:47:56,473 - sereena_parser.main - INFO - Loaded spaCy model successfully
2025-10-09 21:47:56,474 - sereena_parser.main - INFO - Initialized Sereena Parser with 4 workers
2025-10-09 21:47:56,678 - sereena_parser.main - INFO - Successfully parsed Haidar Mujawar-CV.docx in 0.20s
2025-10-09 21:48:00,261 - sereena_parser.main - INFO - Loaded spaCy model successfully
2025-10-09 21:48:00,261 - sereena_parser.main - INFO - Initialized Sereena Parser with 4 workers
2025-10-09 21:48:00,263 - sereena_parser.main - ERROR - Error extracting DOCX c:\Users\myind\Downloads\nlp linkedin\real resumes\Lakshmi Narayana_CV.doc: file 'c:\Users\myind\Downloads\nlp linkedin\real resumes\Lakshmi Narayana_CV.doc' is not a Word file, content type is 'application/vnd.openxmlformats-officedocument.themeManager+xml'
2025-10-09 21:48:00,263 - sereena_parser.main - ERROR - Error parsing c:\Users\myind\Downloads\nlp linkedin\real resumes\Lakshmi Narayana_CV.doc: file 'c:\Users\myind\Downloads\nlp linkedin\real resumes\Lakshmi Narayana_CV.doc' is not a Word file, content type is 'application/vnd.openxmlformats-officedocument.themeManager+xml'
2025-10-09 21:51:10,678 - sereena_parser.main - INFO - Loaded spaCy model successfully
2025-10-09 21:51:10,679 - sereena_parser.main - INFO - Initialized Sereena Parser with 4 workers
2025-10-09 21:51:10,890 - sereena_parser.main - INFO - Successfully parsed aamir resume latest.docx in 0.21s
2025-10-09 21:51:22,851 - accelerate.big_modeling - WARNING - Some parameters are on the meta device because they were offloaded to the cpu and disk.
2025-10-09 21:51:23,664 - sereena_parser.main - INFO - Loaded spaCy model successfully
2025-10-09 21:51:23,665 - sereena_parser.main - INFO - Initialized Sereena Parser with 4 workers
2025-10-09 21:51:23,965 - sereena_parser.main - INFO - Successfully parsed Abdul Rahman.Khan_CV.pdf in 0.30s
2025-10-09 21:51:26,371 - accelerate.utils.modeling - INFO - Based on the current allocation process, no modules could be assigned to the following devices due to insufficient memory:
  - cpu: 2670759936 bytes required
These minimum requirements are specific to this allocation attempt and may vary. Consider increasing the available memory for these devices to at least the specified minimum, or adjusting the model config.
2025-10-09 21:51:27,762 - sereena_parser.main - INFO - Loaded spaCy model successfully
2025-10-09 21:51:27,763 - sereena_parser.main - INFO - Initialized Sereena Parser with 4 workers
2025-10-09 21:51:29,768 - sereena_parser.main - INFO - Successfully parsed Aditya Arya_CV.pdf in 2.01s
2025-10-09 21:51:39,566 - accelerate.big_modeling - WARNING - Some parameters are on the meta device because they were offloaded to the cpu and disk.
2025-10-09 21:51:40,046 - sereena_parser.main - INFO - Loaded spaCy model successfully
2025-10-09 21:51:40,046 - sereena_parser.main - INFO - Initialized Sereena Parser with 4 workers
2025-10-09 21:51:40,589 - sereena_parser.main - INFO - Successfully parsed Anne Mariya_CV.pdf in 0.54s
2025-10-09 21:51:51,152 - accelerate.big_modeling - WARNING - Some parameters are on the meta device because they were offloaded to the cpu and disk.
2025-10-09 21:51:51,689 - sereena_parser.main - INFO - Loaded spaCy model successfully
2025-10-09 21:51:51,690 - sereena_parser.main - INFO - Initialized Sereena Parser with 4 workers
2025-10-09 21:51:51,915 - sereena_parser.main - INFO - Successfully parsed Haidar Mujawar-CV.docx in 0.23s
2025-10-09 21:52:03,453 - sereena_parser.main - INFO - Loaded spaCy model successfully
2025-10-09 21:52:03,455 - sereena_parser.main - INFO - Initialized Sereena Parser with 4 workers
2025-10-09 21:52:04,767 - sereena_parser.main - INFO - Successfully parsed 10554236.pdf in 1.31s
2025-10-09 21:52:22,932 - sereena_parser.main - INFO - Loaded spaCy model successfully
2025-10-09 21:52:22,942 - sereena_parser.main - INFO - Initialized Sereena Parser with 4 workers
2025-10-09 21:52:23,969 - sereena_parser.main - INFO - Successfully parsed 10674770.pdf in 1.03s
2025-10-09 21:52:27,023 - accelerate.utils.modeling - INFO - Based on the current allocation process, no modules could be assigned to the following devices due to insufficient memory:
  - cpu: 2670759936 bytes required
These minimum requirements are specific to this allocation attempt and may vary. Consider increasing the available memory for these devices to at least the specified minimum, or adjusting the model config.
2025-10-09 21:52:28,943 - sereena_parser.main - INFO - Loaded spaCy model successfully
2025-10-09 21:52:28,943 - sereena_parser.main - INFO - Initialized Sereena Parser with 4 workers
2025-10-09 21:52:29,605 - sereena_parser.main - INFO - Successfully parsed 11163645.pdf in 0.66s
2025-10-09 21:52:33,162 - accelerate.utils.modeling - INFO - Based on the current allocation process, no modules could be assigned to the following devices due to insufficient memory:
  - cpu: 2670759936 bytes required
These minimum requirements are specific to this allocation attempt and may vary. Consider increasing the available memory for these devices to at least the specified minimum, or adjusting the model config.
2025-10-09 21:52:34,336 - sereena_parser.main - INFO - Loaded spaCy model successfully
2025-10-09 21:52:34,337 - sereena_parser.main - INFO - Initialized Sereena Parser with 4 workers
2025-10-09 21:52:35,303 - sereena_parser.main - INFO - Successfully parsed 11759079.pdf in 0.97s
2025-10-09 21:52:39,457 - accelerate.utils.modeling - INFO - Based on the current allocation process, no modules could be assigned to the following devices due to insufficient memory:
  - cpu: 2670759936 bytes required
These minimum requirements are specific to this allocation attempt and may vary. Consider increasing the available memory for these devices to at least the specified minimum, or adjusting the model config.
2025-10-09 21:52:40,588 - sereena_parser.main - INFO - Loaded spaCy model successfully
2025-10-09 21:52:40,589 - sereena_parser.main - INFO - Initialized Sereena Parser with 4 workers
2025-10-09 21:52:41,215 - sereena_parser.main - INFO - Successfully parsed 12065211.pdf in 0.63s
2025-10-09 21:52:45,438 - sereena_parser.main - INFO - Loaded spaCy model successfully
2025-10-09 21:52:45,438 - sereena_parser.main - INFO - Initialized Sereena Parser with 4 workers
2025-10-09 21:52:46,282 - sereena_parser.main - INFO - Successfully parsed 12202337.pdf in 0.84s
2025-10-09 21:52:50,192 - sereena_parser.main - INFO - Loaded spaCy model successfully
2025-10-09 21:52:50,192 - sereena_parser.main - INFO - Initialized Sereena Parser with 4 workers
2025-10-09 21:52:50,761 - sereena_parser.main - INFO - Successfully parsed 12338274.pdf in 0.57s
2025-10-13 01:36:41,796 - sereena_parser.main - INFO - Loaded spaCy model successfully
2025-10-13 01:36:41,797 - sereena_parser.main - INFO - Initialized Sereena Parser with 4 workers
2025-10-13 01:36:41,944 - sereena_parser.main - INFO - Successfully parsed aamir resume latest.docx in 0.15s
2025-10-13 01:36:43,338 - chromadb.telemetry.product.posthog - INFO - Anonymized telemetry enabled. See                     https://docs.trychroma.com/telemetry for more information.
2025-10-13 01:36:46,614 - sereena_parser.main - INFO - Loaded spaCy model successfully
2025-10-13 01:36:46,615 - sereena_parser.main - INFO - Initialized Sereena Parser with 4 workers
2025-10-13 01:36:46,844 - sereena_parser.main - INFO - Successfully parsed Abdul Rahman.Khan_CV.pdf in 0.23s
2025-10-13 01:36:50,417 - sereena_parser.main - INFO - Loaded spaCy model successfully
2025-10-13 01:36:50,418 - sereena_parser.main - INFO - Initialized Sereena Parser with 4 workers
2025-10-13 01:36:52,390 - sereena_parser.main - INFO - Successfully parsed Aditya Arya_CV.pdf in 1.97s
2025-10-13 01:36:55,219 - sereena_parser.main - INFO - Loaded spaCy model successfully
2025-10-13 01:36:55,220 - sereena_parser.main - INFO - Initialized Sereena Parser with 4 workers
2025-10-13 01:36:55,907 - sereena_parser.main - INFO - Successfully parsed Anne Mariya_CV.pdf in 0.69s
2025-10-13 01:36:59,605 - sereena_parser.main - INFO - Loaded spaCy model successfully
2025-10-13 01:36:59,605 - sereena_parser.main - INFO - Initialized Sereena Parser with 4 workers
2025-10-13 01:36:59,752 - sereena_parser.main - INFO - Successfully parsed Haidar Mujawar-CV.docx in 0.15s
2025-10-13 01:37:02,598 - sereena_parser.main - INFO - Loaded spaCy model successfully
2025-10-13 01:37:02,598 - sereena_parser.main - INFO - Initialized Sereena Parser with 4 workers
2025-10-13 01:37:02,600 - sereena_parser.main - ERROR - Error extracting DOCX ..\real resumes\Lakshmi Narayana_CV.doc: file '..\real resumes\Lakshmi Narayana_CV.doc' is not a Word file, content type is 'application/vnd.openxmlformats-officedocument.themeManager+xml'
2025-10-13 01:37:02,600 - sereena_parser.main - ERROR - Error parsing ..\real resumes\Lakshmi Narayana_CV.doc: file '..\real resumes\Lakshmi Narayana_CV.doc' is not a Word file, content type is 'application/vnd.openxmlformats-officedocument.themeManager+xml'
2025-10-13 01:37:06,006 - sereena_parser.main - INFO - Loaded spaCy model successfully
2025-10-13 01:37:06,007 - sereena_parser.main - INFO - Initialized Sereena Parser with 4 workers
2025-10-13 01:37:06,415 - sereena_parser.main - INFO - Successfully parsed Mahesh_SAS_Resume.pdf in 0.41s
2025-10-13 01:37:10,342 - sereena_parser.main - INFO - Loaded spaCy model successfully
2025-10-13 01:37:10,343 - sereena_parser.main - INFO - Initialized Sereena Parser with 4 workers
2025-10-13 01:37:10,346 - sereena_parser.main - ERROR - Error extracting DOCX ..\real resumes\Nikhil Kadam_CV.doc: file '..\real resumes\Nikhil Kadam_CV.doc' is not a Word file, content type is 'application/vnd.openxmlformats-officedocument.themeManager+xml'
2025-10-13 01:37:10,346 - sereena_parser.main - ERROR - Error parsing ..\real resumes\Nikhil Kadam_CV.doc: file '..\real resumes\Nikhil Kadam_CV.doc' is not a Word file, content type is 'application/vnd.openxmlformats-officedocument.themeManager+xml'
2025-10-13 01:37:11,825 - sereena_parser.main - INFO - Loaded spaCy model successfully
2025-10-13 01:37:11,826 - sereena_parser.main - INFO - Initialized Sereena Parser with 4 workers
2025-10-13 01:37:12,018 - sereena_parser.main - INFO - Successfully parsed Pandurang_CV.docx in 0.19s
2025-10-13 01:37:15,317 - sereena_parser.main - INFO - Loaded spaCy model successfully
2025-10-13 01:37:15,318 - sereena_parser.main - INFO - Initialized Sereena Parser with 4 workers
2025-10-13 01:37:15,485 - sereena_parser.main - INFO - Successfully parsed Priyanka Bhange_CV.docx in 0.17s
2025-10-13 01:37:17,774 - sereena_parser.main - INFO - Loaded spaCy model successfully
2025-10-13 01:37:17,775 - sereena_parser.main - INFO - Initialized Sereena Parser with 4 workers
2025-10-13 01:37:18,665 - sereena_parser.main - INFO - Successfully parsed Resume DXC JayantKadam.docx in 0.89s
2025-10-13 01:37:21,805 - sereena_parser.main - INFO - Loaded spaCy model successfully
2025-10-13 01:37:21,805 - sereena_parser.main - INFO - Initialized Sereena Parser with 4 workers
2025-10-13 01:37:22,190 - sereena_parser.main - INFO - Successfully parsed Resume-Nilesh Bhole.pdf in 0.38s
2025-10-13 01:37:25,901 - sereena_parser.main - INFO - Loaded spaCy model successfully
2025-10-13 01:37:25,902 - sereena_parser.main - INFO - Initialized Sereena Parser with 4 workers
2025-10-13 01:37:26,116 - sereena_parser.main - INFO - Successfully parsed Resume-Ravindra.docx in 0.21s
2025-10-13 01:37:29,942 - sereena_parser.main - INFO - Loaded spaCy model successfully
2025-10-13 01:37:29,943 - sereena_parser.main - INFO - Initialized Sereena Parser with 4 workers
2025-10-13 01:37:29,945 - sereena_parser.main - ERROR - Error extracting DOCX ..\real resumes\Resume_Arunkumar_Borreddi.doc: file '..\real resumes\Resume_Arunkumar_Borreddi.doc' is not a Word file, content type is 'application/vnd.openxmlformats-officedocument.themeManager+xml'
2025-10-13 01:37:29,945 - sereena_parser.main - ERROR - Error parsing ..\real resumes\Resume_Arunkumar_Borreddi.doc: file '..\real resumes\Resume_Arunkumar_Borreddi.doc' is not a Word file, content type is 'application/vnd.openxmlformats-officedocument.themeManager+xml'
2025-10-13 01:37:31,708 - sereena_parser.main - INFO - Loaded spaCy model successfully
2025-10-13 01:37:31,709 - sereena_parser.main - INFO - Initialized Sereena Parser with 4 workers
2025-10-13 01:37:31,868 - sereena_parser.main - INFO - Successfully parsed Rizwan Shaikh_CV.docx in 0.16s
2025-10-13 01:37:35,829 - sereena_parser.main - INFO - Loaded spaCy model successfully
2025-10-13 01:37:35,830 - sereena_parser.main - INFO - Initialized Sereena Parser with 4 workers
2025-10-13 01:37:35,946 - sereena_parser.main - INFO - Successfully parsed SaikatCV.docx in 0.12s
2025-10-13 01:37:39,224 - sereena_parser.main - INFO - Loaded spaCy model successfully
2025-10-13 01:37:39,224 - sereena_parser.main - INFO - Initialized Sereena Parser with 4 workers
2025-10-13 01:37:39,227 - sereena_parser.main - ERROR - Error extracting DOCX ..\real resumes\Sameer Torne_CV.doc: file '..\real resumes\Sameer Torne_CV.doc' is not a Word file, content type is 'application/vnd.openxmlformats-officedocument.themeManager+xml'
2025-10-13 01:37:39,227 - sereena_parser.main - ERROR - Error parsing ..\real resumes\Sameer Torne_CV.doc: file '..\real resumes\Sameer Torne_CV.doc' is not a Word file, content type is 'application/vnd.openxmlformats-officedocument.themeManager+xml'
2025-10-13 01:37:40,659 - sereena_parser.main - INFO - Loaded spaCy model successfully
2025-10-13 01:37:40,659 - sereena_parser.main - INFO - Initialized Sereena Parser with 4 workers
2025-10-13 01:37:41,206 - sereena_parser.main - INFO - Successfully parsed Shahre_alam_Khan_Resume_Oct2020.docx in 0.55s
2025-10-13 01:37:44,599 - sereena_parser.main - INFO - Loaded spaCy model successfully
2025-10-13 01:37:44,599 - sereena_parser.main - INFO - Initialized Sereena Parser with 4 workers
2025-10-13 01:37:44,878 - sereena_parser.main - INFO - Successfully parsed siddhesh resume.sas1.docx in 0.28s
2025-10-13 01:37:47,759 - sereena_parser.main - INFO - Loaded spaCy model successfully
2025-10-13 01:37:47,760 - sereena_parser.main - INFO - Initialized Sereena Parser with 4 workers
2025-10-13 01:37:47,874 - sereena_parser.main - INFO - Successfully parsed Sreenivasula_CV.docx in 0.11s
2025-10-13 01:37:51,558 - sereena_parser.main - INFO - Loaded spaCy model successfully
2025-10-13 01:37:51,558 - sereena_parser.main - INFO - Initialized Sereena Parser with 4 workers
2025-10-13 01:37:51,752 - sereena_parser.main - INFO - Successfully parsed Sultan Shaikh_CV.docx in 0.19s
2025-10-13 01:37:55,376 - sereena_parser.main - INFO - Loaded spaCy model successfully
2025-10-13 01:37:55,376 - sereena_parser.main - INFO - Initialized Sereena Parser with 4 workers
2025-10-13 01:37:55,495 - sereena_parser.main - INFO - Successfully parsed Sunil Khule_CV.docx in 0.12s
2025-10-13 01:37:58,460 - sereena_parser.main - INFO - Loaded spaCy model successfully
2025-10-13 01:37:58,460 - sereena_parser.main - INFO - Initialized Sereena Parser with 4 workers
2025-10-13 01:37:58,644 - sereena_parser.main - INFO - Successfully parsed Sunny Bauva_CV.docx in 0.18s
2025-10-13 01:38:01,508 - sereena_parser.main - INFO - Loaded spaCy model successfully
2025-10-13 01:38:01,508 - sereena_parser.main - INFO - Initialized Sereena Parser with 4 workers
2025-10-13 01:38:01,642 - sereena_parser.main - INFO - Successfully parsed Sushma Singh_Resume.pdf in 0.13s
2025-10-13 01:38:03,264 - sereena_parser.main - INFO - Loaded spaCy model successfully
2025-10-13 01:38:03,265 - sereena_parser.main - INFO - Initialized Sereena Parser with 4 workers
2025-10-13 01:38:03,608 - sereena_parser.main - INFO - Successfully parsed Tushar Ugale_CV.pdf in 0.34s
2025-10-13 01:38:07,439 - sereena_parser.main - INFO - Loaded spaCy model successfully
2025-10-13 01:38:07,440 - sereena_parser.main - INFO - Initialized Sereena Parser with 4 workers
2025-10-13 01:38:08,350 - sereena_parser.main - INFO - Successfully parsed UmeshSingh_Resume.pdf in 0.91s
2025-10-13 01:38:11,719 - sereena_parser.main - INFO - Loaded spaCy model successfully
2025-10-13 01:38:11,720 - sereena_parser.main - INFO - Initialized Sereena Parser with 4 workers
2025-10-13 01:38:11,850 - sereena_parser.main - INFO - Successfully parsed vijaykumar Resume.docx in 0.13s
2025-10-13 01:38:15,724 - sereena_parser.main - INFO - Loaded spaCy model successfully
2025-10-13 01:38:15,724 - sereena_parser.main - INFO - Initialized Sereena Parser with 4 workers
2025-10-13 01:38:16,003 - sereena_parser.main - INFO - Successfully parsed Vikas D. Sonawane (1).docx in 0.28s
2025-10-13 01:38:19,493 - sereena_parser.main - INFO - Loaded spaCy model successfully
2025-10-13 01:38:19,493 - sereena_parser.main - INFO - Initialized Sereena Parser with 4 workers
2025-10-13 01:38:19,721 - sereena_parser.main - INFO - Successfully parsed Yogesh_Wankhede_resume -Final.docx in 0.23s
2025-10-13 11:54:27,654 - sereena_parser.main - INFO - Loaded spaCy model successfully
2025-10-13 11:54:27,656 - sereena_parser.main - INFO - Initialized Sereena Parser with 4 workers
2025-10-13 11:54:28,058 - sereena_parser.main - INFO - Successfully parsed aamir resume latest.docx in 0.40s
2025-10-13 11:54:30,197 - chromadb.telemetry.product.posthog - INFO - Anonymized telemetry enabled. See                     https://docs.trychroma.com/telemetry for more information.
2025-10-13 11:54:34,576 - sereena_parser.main - INFO - Loaded spaCy model successfully
2025-10-13 11:54:34,576 - sereena_parser.main - INFO - Initialized Sereena Parser with 4 workers
2025-10-13 11:54:35,091 - sereena_parser.main - INFO - Successfully parsed Abdul Rahman.Khan_CV.pdf in 0.51s
2025-10-13 11:54:40,148 - sereena_parser.main - INFO - Loaded spaCy model successfully
2025-10-13 11:54:40,149 - sereena_parser.main - INFO - Initialized Sereena Parser with 4 workers
2025-10-13 11:54:42,658 - sereena_parser.main - INFO - Successfully parsed Aditya Arya_CV.pdf in 2.51s
2025-10-13 11:54:47,240 - sereena_parser.main - INFO - Loaded spaCy model successfully
2025-10-13 11:54:47,240 - sereena_parser.main - INFO - Initialized Sereena Parser with 4 workers
2025-10-13 11:54:48,151 - sereena_parser.main - INFO - Successfully parsed Anne Mariya_CV.pdf in 0.91s
2025-10-13 11:54:54,706 - sereena_parser.main - INFO - Loaded spaCy model successfully
2025-10-13 11:54:54,707 - sereena_parser.main - INFO - Initialized Sereena Parser with 4 workers
2025-10-13 11:54:56,151 - sereena_parser.main - INFO - Successfully parsed Haidar Mujawar-CV.docx in 1.44s
2025-10-13 11:55:01,854 - sereena_parser.main - INFO - Loaded spaCy model successfully
2025-10-13 11:55:01,854 - sereena_parser.main - INFO - Initialized Sereena Parser with 4 workers
2025-10-13 11:55:01,858 - sereena_parser.main - ERROR - Error extracting DOCX c:\Users\myind\Downloads\nlp linkedin\real resumes\Lakshmi Narayana_CV.doc: file 'c:\Users\myind\Downloads\nlp linkedin\real resumes\Lakshmi Narayana_CV.doc' is not a Word file, content type is 'application/vnd.openxmlformats-officedocument.themeManager+xml'
2025-10-13 11:55:01,858 - sereena_parser.main - ERROR - Error parsing c:\Users\myind\Downloads\nlp linkedin\real resumes\Lakshmi Narayana_CV.doc: file 'c:\Users\myind\Downloads\nlp linkedin\real resumes\Lakshmi Narayana_CV.doc' is not a Word file, content type is 'application/vnd.openxmlformats-officedocument.themeManager+xml'
2025-10-13 11:55:41,981 - sereena_parser.main - INFO - Loaded spaCy model successfully
2025-10-13 11:55:41,981 - sereena_parser.main - INFO - Initialized Sereena Parser with 4 workers
2025-10-13 11:55:42,563 - sereena_parser.main - INFO - Successfully parsed Mahesh_SAS_Resume.pdf in 0.58s
2025-10-13 11:56:03,203 - sereena_parser.main - INFO - Loaded spaCy model successfully
2025-10-13 11:56:03,203 - sereena_parser.main - INFO - Initialized Sereena Parser with 4 workers
2025-10-13 11:56:03,205 - sereena_parser.main - ERROR - Error extracting DOCX c:\Users\myind\Downloads\nlp linkedin\real resumes\Nikhil Kadam_CV.doc: file 'c:\Users\myind\Downloads\nlp linkedin\real resumes\Nikhil Kadam_CV.doc' is not a Word file, content type is 'application/vnd.openxmlformats-officedocument.themeManager+xml'
2025-10-13 11:56:03,206 - sereena_parser.main - ERROR - Error parsing c:\Users\myind\Downloads\nlp linkedin\real resumes\Nikhil Kadam_CV.doc: file 'c:\Users\myind\Downloads\nlp linkedin\real resumes\Nikhil Kadam_CV.doc' is not a Word file, content type is 'application/vnd.openxmlformats-officedocument.themeManager+xml'
2025-10-13 11:56:06,819 - sereena_parser.main - INFO - Loaded spaCy model successfully
2025-10-13 11:56:06,820 - sereena_parser.main - INFO - Initialized Sereena Parser with 4 workers
2025-10-13 11:56:08,132 - sereena_parser.main - INFO - Successfully parsed Pandurang_CV.docx in 1.31s
2025-10-13 11:56:22,791 - sereena_parser.main - INFO - Loaded spaCy model successfully
2025-10-13 11:56:22,791 - sereena_parser.main - INFO - Initialized Sereena Parser with 4 workers
2025-10-13 11:56:24,084 - sereena_parser.main - INFO - Successfully parsed Priyanka Bhange_CV.docx in 1.29s
2025-10-13 11:56:32,058 - sereena_parser.main - INFO - Loaded spaCy model successfully
2025-10-13 11:56:32,058 - sereena_parser.main - INFO - Initialized Sereena Parser with 4 workers
2025-10-13 11:56:32,756 - sereena_parser.main - INFO - Successfully parsed Resume DXC JayantKadam.docx in 0.70s
2025-10-13 11:56:44,454 - sereena_parser.main - INFO - Loaded spaCy model successfully
2025-10-13 11:56:44,454 - sereena_parser.main - INFO - Initialized Sereena Parser with 4 workers
2025-10-13 11:56:47,037 - sereena_parser.main - INFO - Successfully parsed Resume-Nilesh Bhole.pdf in 2.58s
2025-10-13 11:56:58,526 - sereena_parser.main - INFO - Loaded spaCy model successfully
2025-10-13 11:56:58,527 - sereena_parser.main - INFO - Initialized Sereena Parser with 4 workers
2025-10-13 11:56:58,854 - sereena_parser.main - INFO - Successfully parsed Resume-Ravindra.docx in 0.33s
2025-10-13 11:57:14,485 - sereena_parser.main - INFO - Loaded spaCy model successfully
2025-10-13 11:57:14,486 - sereena_parser.main - INFO - Initialized Sereena Parser with 4 workers
2025-10-13 11:57:14,488 - sereena_parser.main - ERROR - Error extracting DOCX c:\Users\myind\Downloads\nlp linkedin\real resumes\Resume_Arunkumar_Borreddi.doc: file 'c:\Users\myind\Downloads\nlp linkedin\real resumes\Resume_Arunkumar_Borreddi.doc' is not a Word file, content type is 'application/vnd.openxmlformats-officedocument.themeManager+xml'
2025-10-13 11:57:14,488 - sereena_parser.main - ERROR - Error parsing c:\Users\myind\Downloads\nlp linkedin\real resumes\Resume_Arunkumar_Borreddi.doc: file 'c:\Users\myind\Downloads\nlp linkedin\real resumes\Resume_Arunkumar_Borreddi.doc' is not a Word file, content type is 'application/vnd.openxmlformats-officedocument.themeManager+xml'
2025-10-13 11:57:19,014 - sereena_parser.main - INFO - Loaded spaCy model successfully
2025-10-13 11:57:19,014 - sereena_parser.main - INFO - Initialized Sereena Parser with 4 workers
2025-10-13 11:57:19,983 - sereena_parser.main - INFO - Successfully parsed Rizwan Shaikh_CV.docx in 0.97s
2025-10-13 11:57:35,293 - sereena_parser.main - INFO - Loaded spaCy model successfully
2025-10-13 11:57:35,294 - sereena_parser.main - INFO - Initialized Sereena Parser with 4 workers
2025-10-13 11:57:35,995 - sereena_parser.main - INFO - Successfully parsed SaikatCV.docx in 0.70s
2025-10-13 11:57:46,599 - sereena_parser.main - INFO - Loaded spaCy model successfully
2025-10-13 11:57:46,600 - sereena_parser.main - INFO - Initialized Sereena Parser with 4 workers
2025-10-13 11:57:46,602 - sereena_parser.main - ERROR - Error extracting DOCX c:\Users\myind\Downloads\nlp linkedin\real resumes\Sameer Torne_CV.doc: file 'c:\Users\myind\Downloads\nlp linkedin\real resumes\Sameer Torne_CV.doc' is not a Word file, content type is 'application/vnd.openxmlformats-officedocument.themeManager+xml'
2025-10-13 11:57:46,603 - sereena_parser.main - ERROR - Error parsing c:\Users\myind\Downloads\nlp linkedin\real resumes\Sameer Torne_CV.doc: file 'c:\Users\myind\Downloads\nlp linkedin\real resumes\Sameer Torne_CV.doc' is not a Word file, content type is 'application/vnd.openxmlformats-officedocument.themeManager+xml'
2025-10-13 11:57:50,783 - sereena_parser.main - INFO - Loaded spaCy model successfully
2025-10-13 11:57:50,783 - sereena_parser.main - INFO - Initialized Sereena Parser with 4 workers
2025-10-13 11:57:52,195 - sereena_parser.main - INFO - Successfully parsed Shahre_alam_Khan_Resume_Oct2020.docx in 1.41s
2025-10-13 11:57:57,467 - sereena_parser.main - INFO - Loaded spaCy model successfully
2025-10-13 11:57:57,467 - sereena_parser.main - INFO - Initialized Sereena Parser with 4 workers
2025-10-13 11:57:57,782 - sereena_parser.main - INFO - Successfully parsed siddhesh resume.sas1.docx in 0.31s
2025-10-13 11:58:01,653 - sereena_parser.main - INFO - Loaded spaCy model successfully
2025-10-13 11:58:01,653 - sereena_parser.main - INFO - Initialized Sereena Parser with 4 workers
2025-10-13 11:58:01,848 - sereena_parser.main - INFO - Successfully parsed Sreenivasula_CV.docx in 0.19s
2025-10-13 11:58:06,878 - sereena_parser.main - INFO - Loaded spaCy model successfully
2025-10-13 11:58:06,879 - sereena_parser.main - INFO - Initialized Sereena Parser with 4 workers
2025-10-13 11:58:08,052 - sereena_parser.main - INFO - Successfully parsed Sultan Shaikh_CV.docx in 1.17s
2025-10-13 11:58:12,784 - sereena_parser.main - INFO - Loaded spaCy model successfully
2025-10-13 11:58:12,785 - sereena_parser.main - INFO - Initialized Sereena Parser with 4 workers
2025-10-13 11:58:13,125 - sereena_parser.main - INFO - Successfully parsed Sunil Khule_CV.docx in 0.34s
2025-10-13 11:58:17,083 - sereena_parser.main - INFO - Loaded spaCy model successfully
2025-10-13 11:58:17,084 - sereena_parser.main - INFO - Initialized Sereena Parser with 4 workers
2025-10-13 11:58:17,414 - sereena_parser.main - INFO - Successfully parsed Sunny Bauva_CV.docx in 0.33s
2025-10-13 11:58:21,388 - sereena_parser.main - INFO - Loaded spaCy model successfully
2025-10-13 11:58:21,388 - sereena_parser.main - INFO - Initialized Sereena Parser with 4 workers
2025-10-13 11:58:22,018 - sereena_parser.main - INFO - Successfully parsed Sushma Singh_Resume.pdf in 0.63s
2025-10-13 11:58:24,921 - sereena_parser.main - INFO - Loaded spaCy model successfully
2025-10-13 11:58:24,922 - sereena_parser.main - INFO - Initialized Sereena Parser with 4 workers
2025-10-13 11:58:25,445 - sereena_parser.main - INFO - Successfully parsed Tushar Ugale_CV.pdf in 0.52s
2025-10-13 11:58:30,067 - sereena_parser.main - INFO - Loaded spaCy model successfully
2025-10-13 11:58:30,067 - sereena_parser.main - INFO - Initialized Sereena Parser with 4 workers
2025-10-13 11:58:31,918 - sereena_parser.main - INFO - Successfully parsed UmeshSingh_Resume.pdf in 1.85s
2025-10-13 11:58:36,883 - sereena_parser.main - INFO - Loaded spaCy model successfully
2025-10-13 11:58:36,884 - sereena_parser.main - INFO - Initialized Sereena Parser with 4 workers
2025-10-13 11:58:37,139 - sereena_parser.main - INFO - Successfully parsed vijaykumar Resume.docx in 0.25s
2025-10-13 11:58:42,019 - sereena_parser.main - INFO - Loaded spaCy model successfully
2025-10-13 11:58:42,020 - sereena_parser.main - INFO - Initialized Sereena Parser with 4 workers
2025-10-13 11:58:42,644 - sereena_parser.main - INFO - Successfully parsed Vikas D. Sonawane (1).docx in 0.62s
2025-10-13 11:58:47,089 - sereena_parser.main - INFO - Loaded spaCy model successfully
2025-10-13 11:58:47,089 - sereena_parser.main - INFO - Initialized Sereena Parser with 4 workers
2025-10-13 11:58:48,118 - sereena_parser.main - INFO - Successfully parsed Yogesh_Wankhede_resume -Final.docx in 1.03s
2025-10-13 12:11:13,224 - sereena_parser.main - INFO - Loaded spaCy model successfully
2025-10-13 12:11:13,226 - sereena_parser.main - INFO - Initialized Sereena Parser with 4 workers
2025-10-13 12:11:15,575 - sereena_parser.main - INFO - Successfully parsed Sushma Singh_Resume.pdf in 2.35s
2025-10-13 12:11:16,128 - sereena_parser.main - INFO - Loaded spaCy model successfully
2025-10-13 12:11:16,128 - sereena_parser.main - INFO - Initialized Sereena Parser with 4 workers
2025-10-13 12:11:18,603 - sereena_parser.main - INFO - Successfully parsed SaikatCV.docx in 2.47s
2025-10-13 12:11:18,950 - sereena_parser.main - INFO - Loaded spaCy model successfully
2025-10-13 12:11:18,950 - sereena_parser.main - INFO - Initialized Sereena Parser with 4 workers
2025-10-13 12:11:18,952 - sereena_parser.main - ERROR - Error extracting DOCX ..\real resumes\Lakshmi Narayana_CV.doc: file '..\real resumes\Lakshmi Narayana_CV.doc' is not a Word file, content type is 'application/vnd.openxmlformats-officedocument.themeManager+xml'
2025-10-13 12:11:18,952 - sereena_parser.main - ERROR - Error parsing ..\real resumes\Lakshmi Narayana_CV.doc: file '..\real resumes\Lakshmi Narayana_CV.doc' is not a Word file, content type is 'application/vnd.openxmlformats-officedocument.themeManager+xml'
2025-10-13 12:12:10,181 - sereena_parser.main - INFO - Loaded spaCy model successfully
2025-10-13 12:12:10,189 - sereena_parser.main - INFO - Initialized Sereena Parser with 4 workers
2025-10-13 12:12:10,784 - sereena_parser.main - INFO - Successfully parsed Sushma Singh_Resume.pdf in 0.59s
2025-10-13 12:12:11,215 - sereena_parser.main - INFO - Loaded spaCy model successfully
2025-10-13 12:12:11,216 - sereena_parser.main - INFO - Initialized Sereena Parser with 4 workers
2025-10-13 12:12:11,436 - sereena_parser.main - INFO - Successfully parsed SaikatCV.docx in 0.22s
2025-10-13 12:12:11,797 - sereena_parser.main - INFO - Loaded spaCy model successfully
2025-10-13 12:12:11,797 - sereena_parser.main - INFO - Initialized Sereena Parser with 4 workers
2025-10-13 12:12:11,799 - sereena_parser.main - ERROR - Error extracting DOCX ..\real resumes\Lakshmi Narayana_CV.doc: file '..\real resumes\Lakshmi Narayana_CV.doc' is not a Word file, content type is 'application/vnd.openxmlformats-officedocument.themeManager+xml'
2025-10-13 12:12:11,799 - sereena_parser.main - ERROR - Error parsing ..\real resumes\Lakshmi Narayana_CV.doc: file '..\real resumes\Lakshmi Narayana_CV.doc' is not a Word file, content type is 'application/vnd.openxmlformats-officedocument.themeManager+xml'
2025-10-13 12:14:02,360 - sereena_parser.main - INFO - Loaded spaCy model successfully
2025-10-13 12:14:02,362 - sereena_parser.main - INFO - Initialized Sereena Parser with 4 workers
2025-10-13 12:14:02,650 - sereena_parser.main - INFO - Successfully parsed aamir resume latest.docx in 0.29s
2025-10-13 12:14:04,297 - chromadb.telemetry.product.posthog - INFO - Anonymized telemetry enabled. See                     https://docs.trychroma.com/telemetry for more information.
2025-10-13 12:14:07,875 - sereena_parser.main - INFO - Loaded spaCy model successfully
2025-10-13 12:14:07,876 - sereena_parser.main - INFO - Initialized Sereena Parser with 4 workers
2025-10-13 12:14:10,229 - sereena_parser.main - INFO - Successfully parsed Abdul Rahman.Khan_CV.pdf in 2.35s
2025-10-13 12:14:15,992 - sereena_parser.main - INFO - Loaded spaCy model successfully
2025-10-13 12:14:15,992 - sereena_parser.main - INFO - Initialized Sereena Parser with 4 workers
2025-10-13 12:14:20,065 - sereena_parser.main - INFO - Successfully parsed Aditya Arya_CV.pdf in 4.07s
2025-10-13 12:14:27,618 - sereena_parser.main - INFO - Loaded spaCy model successfully
2025-10-13 12:14:27,618 - sereena_parser.main - INFO - Initialized Sereena Parser with 4 workers
2025-10-13 12:14:29,073 - sereena_parser.main - INFO - Successfully parsed Anne Mariya_CV.pdf in 1.45s
2025-10-13 12:14:47,662 - sereena_parser.main - INFO - Loaded spaCy model successfully
2025-10-13 12:14:47,663 - sereena_parser.main - INFO - Initialized Sereena Parser with 4 workers
2025-10-13 12:14:47,891 - sereena_parser.main - INFO - Successfully parsed Haidar Mujawar-CV.docx in 0.23s
2025-10-13 12:14:54,827 - sereena_parser.main - INFO - Loaded spaCy model successfully
2025-10-13 12:14:54,828 - sereena_parser.main - INFO - Initialized Sereena Parser with 4 workers
2025-10-13 12:14:54,829 - sereena_parser.main - ERROR - Error extracting DOCX c:\Users\myind\Downloads\nlp linkedin\real resumes\Lakshmi Narayana_CV.doc: file 'c:\Users\myind\Downloads\nlp linkedin\real resumes\Lakshmi Narayana_CV.doc' is not a Word file, content type is 'application/vnd.openxmlformats-officedocument.themeManager+xml'
2025-10-13 12:14:54,829 - sereena_parser.main - ERROR - Error parsing c:\Users\myind\Downloads\nlp linkedin\real resumes\Lakshmi Narayana_CV.doc: file 'c:\Users\myind\Downloads\nlp linkedin\real resumes\Lakshmi Narayana_CV.doc' is not a Word file, content type is 'application/vnd.openxmlformats-officedocument.themeManager+xml'
2025-10-13 12:14:56,602 - sereena_parser.main - INFO - Loaded spaCy model successfully
2025-10-13 12:14:56,602 - sereena_parser.main - INFO - Initialized Sereena Parser with 4 workers
2025-10-13 12:14:57,218 - sereena_parser.main - INFO - Successfully parsed Mahesh_SAS_Resume.pdf in 0.62s
2025-10-13 12:15:17,522 - sereena_parser.main - INFO - Loaded spaCy model successfully
2025-10-13 12:15:17,523 - sereena_parser.main - INFO - Initialized Sereena Parser with 4 workers
2025-10-13 12:15:17,524 - sereena_parser.main - ERROR - Error extracting DOCX c:\Users\myind\Downloads\nlp linkedin\real resumes\Nikhil Kadam_CV.doc: file 'c:\Users\myind\Downloads\nlp linkedin\real resumes\Nikhil Kadam_CV.doc' is not a Word file, content type is 'application/vnd.openxmlformats-officedocument.themeManager+xml'
2025-10-13 12:15:17,524 - sereena_parser.main - ERROR - Error parsing c:\Users\myind\Downloads\nlp linkedin\real resumes\Nikhil Kadam_CV.doc: file 'c:\Users\myind\Downloads\nlp linkedin\real resumes\Nikhil Kadam_CV.doc' is not a Word file, content type is 'application/vnd.openxmlformats-officedocument.themeManager+xml'
2025-10-13 12:15:19,258 - sereena_parser.main - INFO - Loaded spaCy model successfully
2025-10-13 12:15:19,258 - sereena_parser.main - INFO - Initialized Sereena Parser with 4 workers
2025-10-13 12:15:23,670 - sereena_parser.main - INFO - Successfully parsed Pandurang_CV.docx in 4.41s
2025-10-13 12:15:36,292 - sereena_parser.main - INFO - Loaded spaCy model successfully
2025-10-13 12:15:36,293 - sereena_parser.main - INFO - Initialized Sereena Parser with 4 workers
2025-10-13 12:15:36,589 - sereena_parser.main - INFO - Successfully parsed Priyanka Bhange_CV.docx in 0.30s
2025-10-13 12:15:41,406 - sereena_parser.main - INFO - Loaded spaCy model successfully
2025-10-13 12:15:41,406 - sereena_parser.main - INFO - Initialized Sereena Parser with 4 workers
2025-10-13 12:15:42,101 - sereena_parser.main - INFO - Successfully parsed Resume DXC JayantKadam.docx in 0.69s
2025-10-13 12:15:50,244 - sereena_parser.main - INFO - Loaded spaCy model successfully
2025-10-13 12:15:50,244 - sereena_parser.main - INFO - Initialized Sereena Parser with 4 workers
2025-10-13 12:15:50,741 - sereena_parser.main - INFO - Successfully parsed Resume-Nilesh Bhole.pdf in 0.50s
2025-10-13 12:16:07,720 - sereena_parser.main - INFO - Loaded spaCy model successfully
2025-10-13 12:16:07,721 - sereena_parser.main - INFO - Initialized Sereena Parser with 4 workers
2025-10-13 12:16:07,942 - sereena_parser.main - INFO - Successfully parsed Resume-Ravindra.docx in 0.22s
2025-10-13 12:16:27,723 - sereena_parser.main - INFO - Loaded spaCy model successfully
2025-10-13 12:16:27,724 - sereena_parser.main - INFO - Initialized Sereena Parser with 4 workers
2025-10-13 12:16:27,725 - sereena_parser.main - ERROR - Error extracting DOCX c:\Users\myind\Downloads\nlp linkedin\real resumes\Resume_Arunkumar_Borreddi.doc: file 'c:\Users\myind\Downloads\nlp linkedin\real resumes\Resume_Arunkumar_Borreddi.doc' is not a Word file, content type is 'application/vnd.openxmlformats-officedocument.themeManager+xml'
2025-10-13 12:16:27,725 - sereena_parser.main - ERROR - Error parsing c:\Users\myind\Downloads\nlp linkedin\real resumes\Resume_Arunkumar_Borreddi.doc: file 'c:\Users\myind\Downloads\nlp linkedin\real resumes\Resume_Arunkumar_Borreddi.doc' is not a Word file, content type is 'application/vnd.openxmlformats-officedocument.themeManager+xml'
2025-10-13 12:16:30,097 - sereena_parser.main - INFO - Loaded spaCy model successfully
2025-10-13 12:16:30,097 - sereena_parser.main - INFO - Initialized Sereena Parser with 4 workers
2025-10-13 12:16:30,297 - sereena_parser.main - INFO - Successfully parsed Rizwan Shaikh_CV.docx in 0.20s
2025-10-13 12:16:50,625 - sereena_parser.main - INFO - Loaded spaCy model successfully
2025-10-13 12:16:50,626 - sereena_parser.main - INFO - Initialized Sereena Parser with 4 workers
2025-10-13 12:16:50,892 - sereena_parser.main - INFO - Successfully parsed SaikatCV.docx in 0.27s
2025-10-13 12:17:01,261 - sereena_parser.main - INFO - Loaded spaCy model successfully
2025-10-13 12:17:01,261 - sereena_parser.main - INFO - Initialized Sereena Parser with 4 workers
2025-10-13 12:17:01,263 - sereena_parser.main - ERROR - Error extracting DOCX c:\Users\myind\Downloads\nlp linkedin\real resumes\Sameer Torne_CV.doc: file 'c:\Users\myind\Downloads\nlp linkedin\real resumes\Sameer Torne_CV.doc' is not a Word file, content type is 'application/vnd.openxmlformats-officedocument.themeManager+xml'
2025-10-13 12:17:01,264 - sereena_parser.main - ERROR - Error parsing c:\Users\myind\Downloads\nlp linkedin\real resumes\Sameer Torne_CV.doc: file 'c:\Users\myind\Downloads\nlp linkedin\real resumes\Sameer Torne_CV.doc' is not a Word file, content type is 'application/vnd.openxmlformats-officedocument.themeManager+xml'
2025-10-13 12:17:03,419 - sereena_parser.main - INFO - Loaded spaCy model successfully
2025-10-13 12:17:03,420 - sereena_parser.main - INFO - Initialized Sereena Parser with 4 workers
2025-10-13 12:17:05,909 - sereena_parser.main - INFO - Successfully parsed Shahre_alam_Khan_Resume_Oct2020.docx in 2.49s
2025-10-13 12:17:16,464 - sereena_parser.main - INFO - Loaded spaCy model successfully
2025-10-13 12:17:16,465 - sereena_parser.main - INFO - Initialized Sereena Parser with 4 workers
2025-10-13 12:17:16,816 - sereena_parser.main - INFO - Successfully parsed siddhesh resume.sas1.docx in 0.35s
2025-10-13 12:17:24,749 - sereena_parser.main - INFO - Loaded spaCy model successfully
2025-10-13 12:17:24,749 - sereena_parser.main - INFO - Initialized Sereena Parser with 4 workers
2025-10-13 12:17:25,017 - sereena_parser.main - INFO - Successfully parsed Sreenivasula_CV.docx in 0.27s
2025-10-13 12:17:39,191 - sereena_parser.main - INFO - Loaded spaCy model successfully
2025-10-13 12:17:39,192 - sereena_parser.main - INFO - Initialized Sereena Parser with 4 workers
2025-10-13 12:17:39,507 - sereena_parser.main - INFO - Successfully parsed Sultan Shaikh_CV.docx in 0.31s
2025-10-13 12:17:50,272 - sereena_parser.main - INFO - Loaded spaCy model successfully
2025-10-13 12:17:50,272 - sereena_parser.main - INFO - Initialized Sereena Parser with 4 workers
2025-10-13 12:17:50,454 - sereena_parser.main - INFO - Successfully parsed Sunil Khule_CV.docx in 0.18s
2025-10-13 12:18:02,818 - sereena_parser.main - INFO - Loaded spaCy model successfully
2025-10-13 12:18:02,819 - sereena_parser.main - INFO - Initialized Sereena Parser with 4 workers
2025-10-13 12:18:03,101 - sereena_parser.main - INFO - Successfully parsed Sunny Bauva_CV.docx in 0.28s
2025-10-13 12:18:11,990 - sereena_parser.main - INFO - Loaded spaCy model successfully
2025-10-13 12:18:11,990 - sereena_parser.main - INFO - Initialized Sereena Parser with 4 workers
2025-10-13 12:18:12,232 - sereena_parser.main - INFO - Successfully parsed Sushma Singh_Resume.pdf in 0.24s
2025-10-13 12:18:15,793 - sereena_parser.main - INFO - Loaded spaCy model successfully
2025-10-13 12:18:15,794 - sereena_parser.main - INFO - Initialized Sereena Parser with 4 workers
2025-10-13 12:18:16,399 - sereena_parser.main - INFO - Successfully parsed Tushar Ugale_CV.pdf in 0.61s
